<testsuites name="results">
  <testsuite name="all" package="all">
    <property name="random_seed" value="1745263982" />
    <testcase name="test_max_finder" classname="tests.test_max" file="/Users/suryasure/projects/bert-inference/tests/test_max.py" lineno="6" time="0.0021469593048095703" sim_time_ns="391.0" ratio_time="182118.03042754025" />
  </testsuite>
</testsuites>
